// Jest Snapshot v1, https://jestjs.io/docs/snapshot-testing

exports[`ProductLink renders product link with correct content 1`] = `
<DocumentFragment>
  <div
    class="MuiGrid-root MuiGrid-direction-xs-row MuiGrid-grid-xs-10 css-r13beu-MuiGrid-root"
  >
    <a
      class="MuiTypography-root MuiTypography-inherit MuiLink-root MuiLink-underlineNone css-6b04s2-MuiTypography-root-MuiLink-root"
      href="https://hamchance.com"
      rel="noopener noreferrer"
      target="_blank"
    >
      <div
        class="MuiStack-root css-1xcvc1q-MuiStack-root"
      >
        <div />
        <div>
          <p
            class="MuiTypography-root MuiTypography-body2 MuiTypography-noWrap css-96s4nc-MuiTypography-root"
          >
            hamchance
          </p>
          <p
            class="MuiTypography-root MuiTypography-body2 MuiTypography-noWrap css-96s4nc-MuiTypography-root"
          >
            @ham
          </p>
        </div>
      </div>
    </a>
  </div>
</DocumentFragment>
`;
