// Jest Snapshot v1, https://jestjs.io/docs/snapshot-testing

exports[`ExternalLink snapshot testing 1`] = `
<DocumentFragment>
  <a
    class="MuiTypography-root MuiTypography-inherit MuiLink-root MuiLink-underlineNone css-6b04s2-MuiTypography-root-MuiLink-root"
    href="https://example.com"
    rel="noopener noreferrer"
    target="_blank"
  >
    Example Link
  </a>
</DocumentFragment>
`;
